// Jest Snapshot v1, https://goo.gl/fbAQLP

exports[`Article component shows out of cheese error message 1`] = `
<address
  class="sc-bgqQcB jFOXYN address"
>
  <div
    class="wrapper"
  >
    <i>
      <svg
        aria-hidden="true"
        class="svg-inline--fa fa-phone "
        data-icon="phone"
        data-prefix="fas"
        focusable="false"
        role="img"
        viewBox="0 0 512 512"
        xmlns="http://www.w3.org/2000/svg"
      >
        <path
          d="M164.9 24.6c-7.7-18.6-28-28.5-47.4-23.2l-88 24C12.1 30.2 0 46 0 64C0 311.4 200.6 512 448 512c18 0 33.8-12.1 38.6-29.5l24-88c5.3-19.4-4.6-39.7-23.2-47.4l-96-40c-16.3-6.8-35.2-2.1-46.3 11.6L304.7 368C234.3 334.7 177.3 277.7 144 207.3L193.3 167c13.7-11.2 18.4-30 11.6-46.3l-40-96z"
          fill="currentColor"
        />
      </svg>
    </i>
    <div
      class="info"
    >
      <a
        href="tel:+7 708 693 23 41"
      >
        +7 708 693 23 41
      </a>
      <br />
    </div>
  </div>
  <div
    class="wrapper"
  >
    <i>
      <svg
        aria-hidden="true"
        class="svg-inline--fa fa-envelope "
        data-icon="envelope"
        data-prefix="fas"
        focusable="false"
        role="img"
        viewBox="0 0 512 512"
        xmlns="http://www.w3.org/2000/svg"
      >
        <path
          d="M48 64C21.5 64 0 85.5 0 112c0 15.1 7.1 29.3 19.2 38.4L236.8 313.6c11.4 8.5 27 8.5 38.4 0L492.8 150.4c12.1-9.1 19.2-23.3 19.2-38.4c0-26.5-21.5-48-48-48H48zM0 176V384c0 35.3 28.7 64 64 64H448c35.3 0 64-28.7 64-64V176L294.4 339.2c-22.8 17.1-54 17.1-76.8 0L0 176z"
          fill="currentColor"
        />
      </svg>
    </i>
    <div
      class="info"
    >
      <a
        href="mailto:bizhannk@gmail.com"
      >
        bizhannk@gmail.com
      </a>
      <br />
    </div>
  </div>
  <div
    class="wrapper"
  >
    <i>
      <svg
        aria-hidden="true"
        class="svg-inline--fa fa-twitter "
        data-icon="twitter"
        data-prefix="fab"
        focusable="false"
        role="img"
        viewBox="0 0 512 512"
        xmlns="http://www.w3.org/2000/svg"
      >
        <path
          d="M459.37 151.716c.325 4.548.325 9.097.325 13.645 0 138.72-105.583 298.558-298.558 298.558-59.452 0-114.68-17.219-161.137-47.106 8.447.974 16.568 1.299 25.34 1.299 49.055 0 94.213-16.568 130.274-44.832-46.132-.975-84.792-31.188-98.112-72.772 6.498.974 12.995 1.624 19.818 1.624 9.421 0 18.843-1.3 27.614-3.573-48.081-9.747-84.143-51.98-84.143-102.985v-1.299c13.969 7.797 30.214 12.67 47.431 13.319-28.264-18.843-46.781-51.005-46.781-87.391 0-19.492 5.197-37.36 14.294-52.954 51.655 63.675 129.3 105.258 216.365 109.807-1.624-7.797-2.599-15.918-2.599-24.04 0-57.828 46.782-104.934 104.934-104.934 30.213 0 57.502 12.67 76.67 33.137 23.715-4.548 46.456-13.32 66.599-25.34-7.798 24.366-24.366 44.833-46.132 57.827 21.117-2.273 41.584-8.122 60.426-16.243-14.292 20.791-32.161 39.308-52.628 54.253z"
          fill="currentColor"
        />
      </svg>
    </i>
    <div
      class="info"
    >
      <a
        href="https://twitter.com/wordpress"
      >
        Twitter
      </a>
      <br />
      <small>
        @Nurik
      </small>
    </div>
  </div>
  <div
    class="wrapper"
  >
    <i>
      <svg
        aria-hidden="true"
        class="svg-inline--fa fa-facebook-f "
        data-icon="facebook-f"
        data-prefix="fab"
        focusable="false"
        role="img"
        viewBox="0 0 320 512"
        xmlns="http://www.w3.org/2000/svg"
      >
        <path
          d="M279.14 288l14.22-92.66h-88.91v-60.13c0-25.35 12.42-50.06 52.24-50.06h40.42V6.26S260.43 0 225.36 0c-73.22 0-121.08 44.38-121.08 124.72v70.62H22.89V288h81.39v224h100.17V288z"
          fill="currentColor"
        />
      </svg>
    </i>
    <div
      class="info"
    >
      <a
        href="https://www.facebook.com/facebook"
      >
        Facebook
      </a>
      <br />
      <small>
        Nurzhan Bizhan
      </small>
    </div>
  </div>
  <div
    class="wrapper"
  >
    <i>
      <svg
        aria-hidden="true"
        class="svg-inline--fa fa-skype "
        data-icon="skype"
        data-prefix="fab"
        focusable="false"
        role="img"
        viewBox="0 0 448 512"
        xmlns="http://www.w3.org/2000/svg"
      >
        <path
          d="M424.7 299.8c2.9-14 4.7-28.9 4.7-43.8 0-113.5-91.9-205.3-205.3-205.3-14.9 0-29.7 1.7-43.8 4.7C161.3 40.7 137.7 32 112 32 50.2 32 0 82.2 0 144c0 25.7 8.7 49.3 23.3 68.2-2.9 14-4.7 28.9-4.7 43.8 0 113.5 91.9 205.3 205.3 205.3 14.9 0 29.7-1.7 43.8-4.7 19 14.6 42.6 23.3 68.2 23.3 61.8 0 112-50.2 112-112 .1-25.6-8.6-49.2-23.2-68.1zm-194.6 91.5c-65.6 0-120.5-29.2-120.5-65 0-16 9-30.6 29.5-30.6 31.2 0 34.1 44.9 88.1 44.9 25.7 0 42.3-11.4 42.3-26.3 0-18.7-16-21.6-42-28-62.5-15.4-117.8-22-117.8-87.2 0-59.2 58.6-81.1 109.1-81.1 55.1 0 110.8 21.9 110.8 55.4 0 16.9-11.4 31.8-30.3 31.8-28.3 0-29.2-33.5-75-33.5-25.7 0-42 7-42 22.5 0 19.8 20.8 21.8 69.1 33 41.4 9.3 90.7 26.8 90.7 77.6 0 59.1-57.1 86.5-112 86.5z"
          fill="currentColor"
        />
      </svg>
    </i>
    <div
      class="info"
    >
      <a
        href="skype:nurik"
      >
        Skype
      </a>
      <br />
      <small>
        Nurik
      </small>
    </div>
  </div>
</address>
`;
